Microchip MPLAB XC8 Compiler V2.20

Linker command line:

-W-3 --edf=C:\Program Files\Microchip\xc8\v2.20\pic\dat\en_msgs.txt -cn \
  -h+dist/default/production\i2c_18854_mcc_new.X.production.sym \
  --cmf=dist/default/production\i2c_18854_mcc_new.X.production.cmf -z \
  -Q16F18854 -oC:\Users\linda\AppData\Local\Temp\sato.2 \
  --defsym=__MPLAB_BUILD=1 \
  -Mdist/default/production/i2c_18854_mcc_new.X.production.map -E1 \
  -ver=XC8 Compiler --acfsm=1493 -ASTACK=02000h-021EFh -pstack=STACK \
  -ACODE=00h-07FFhx2 -ASTRCODE=00h-0FFFh -ASTRING=00h-0FFhx16 \
  -ACONST=00h-0FFhx16 -AENTRY=00h-0FFhx16 -ACOMMON=070h-07Fh \
  -ABANK0=020h-06Fh -ABANK1=0A0h-0EFh -ABANK2=0120h-016Fh \
  -ABANK3=01A0h-01EFh -ABANK4=0220h-026Fh -ABANK5=02A0h-02EFh \
  -ABANK6=0320h-032Fh -ABIGRAM=02000h-021EFh \
  -ARAM=020h-06Fh,0A0h-0EFh,0120h-016Fh,01A0h-01EFh,0220h-026Fh,02A0h-02EFh,0320h-032Fh \
  -AABS1=020h-07Fh,0A0h-0EFh,0120h-016Fh,01A0h-01EFh,0220h-026Fh,02A0h-02EFh,0320h-032Fh \
  -ASFR0=00h-01Fh -ASFR1=080h-09Fh -ASFR2=0100h-011Fh -ASFR3=0180h-019Fh \
  -ASFR4=0200h-021Fh -ASFR5=0280h-029Fh -ASFR6=0300h-031Fh \
  -ASFR7=0380h-03EFh -ASFR8=0400h-046Fh -ASFR9=0480h-04EFh \
  -ASFR10=0500h-056Fh -ASFR11=0580h-05EFh -ASFR12=0600h-066Fh \
  -ASFR13=0680h-06EFh -ASFR14=0700h-076Fh -ASFR15=0780h-07EFh \
  -ASFR16=0800h-086Fh -ASFR17=0880h-08EFh -ASFR18=0900h-096Fh \
  -ASFR19=0980h-09EFh -ASFR20=0A00h-0A6Fh -ASFR21=0A80h-0AEFh \
  -ASFR22=0B00h-0B6Fh -ASFR23=0B80h-0BEFh -ASFR24=0C00h-0C6Fh \
  -ASFR25=0C80h-0CEFh -ASFR26=0D00h-0D6Fh -ASFR27=0D80h-0DEFh \
  -ASFR28=0E00h-0E6Fh -ASFR29=0E80h-0EEFh -ASFR30=0F00h-0F6Fh \
  -ASFR31=0F80h-0FEFh -ACONFIG=08007h-0800Bh -DCONFIG=2 \
  -AIDLOC=08000h-08003h -DIDLOC=2 -preset_vec=00h,intentry,init,end_init \
  -ppowerup=CODE -pcinit=CODE -pfunctab=ENTRY -AEEDATA=00h-0FFh/0F000h \
  -peeprom_data=EEDATA -DEEDATA=2 -DCODE=2 -DSTRCODE=2 -DSTRING=2 -DCONST=2 \
  -DENTRY=2 -k C:\Users\linda\AppData\Local\Temp\sato.o \
  dist/default/production\i2c_18854_mcc_new.X.production.o 

Object code version is 3.11

Machine type is 16F18854



                Name                               Link     Load   Length Selector   Space Scale
C:\Users\linda\AppData\Local\Temp\sato.o
                end_init                              2        2        2        0       0
                reset_vec                             0        0        2        0       0
dist/default/production\i2c_18854_mcc_new.X.production.o
                cinit                               7F8      7F8        8      FF0       0
                text12                              68F      68F        B      D1E       0
                text11                              69A      69A        C      D34       0
                text10                              683      683        6      D06       0
                text9                               689      689        6      D12       0
                text8                               6A6      6A6       10      D4C       0
                text7                               6B6      6B6       11      D6C       0
                text6                               6C7      6C7       14      D8E       0
                text5                               6DB      6DB       14      DB6       0
                text4                               776      776       82      EEC       0
                text3                               748      748       2E      E90       0
                text2                               6EF      6EF       15      DDE       0
                text1                               704      704       1D      E08       0
                maintext                            721      721       27      E42       0
                cstackCOMMON                         70       70        B       70       1
                dataCOMMON                           7D       7D        1       70       1
                bssCOMMON                            7C       7C        1       70       1
                stringtext2                         80E      80E        A     1000       0
                stringtext1                         800      800        E     1000       0
                nvCOMMON                             7B       7B        1       70       1
                idataCOMMON                         682      682        1      D04       0

TOTAL           Name                               Link     Load   Length     Space
        CLASS   STACK          

        CLASS   CODE           
                end_init                              2        2        2         0
                cinit                               7F8      7F8        8         0
                reset_vec                             0        0        2         0
                text12                              68F      68F        B         0
                text11                              69A      69A        C         0
                text10                              683      683        6         0
                text9                               689      689        6         0
                text8                               6A6      6A6       10         0
                text7                               6B6      6B6       11         0
                text6                               6C7      6C7       14         0
                text5                               6DB      6DB       14         0
                text4                               776      776       82         0
                text3                               748      748       2E         0
                text2                               6EF      6EF       15         0
                text1                               704      704       1D         0
                maintext                            721      721       27         0
                idataCOMMON                         682      682        1         0

        CLASS   STRCODE        
                stringtext2                         80E      80E        A         0
                stringtext1                         800      800        E         0

        CLASS   STRING         

        CLASS   CONST          

        CLASS   ENTRY          

        CLASS   COMMON         
                cstackCOMMON                         70       70        B         1
                dataCOMMON                           7D       7D        1         1
                bssCOMMON                            7C       7C        1         1
                nvCOMMON                             7B       7B        1         1

        CLASS   BANK0          

        CLASS   BANK1          

        CLASS   BANK2          

        CLASS   BANK3          

        CLASS   BANK4          

        CLASS   BANK5          

        CLASS   BANK6          

        CLASS   BIGRAM         

        CLASS   RAM            

        CLASS   ABS1           
                abs_s1                               7E       7E        2         1

        CLASS   SFR0           

        CLASS   SFR1           

        CLASS   SFR2           

        CLASS   SFR3           

        CLASS   SFR4           

        CLASS   SFR5           

        CLASS   SFR6           

        CLASS   SFR7           

        CLASS   SFR8           

        CLASS   SFR9           

        CLASS   SFR10          

        CLASS   SFR11          

        CLASS   SFR12          

        CLASS   SFR13          

        CLASS   SFR14          

        CLASS   SFR15          

        CLASS   SFR16          

        CLASS   SFR17          

        CLASS   SFR18          

        CLASS   SFR19          

        CLASS   SFR20          

        CLASS   SFR21          

        CLASS   SFR22          

        CLASS   SFR23          

        CLASS   SFR24          

        CLASS   SFR25          

        CLASS   SFR26          

        CLASS   SFR27          

        CLASS   SFR28          

        CLASS   SFR29          

        CLASS   SFR30          

        CLASS   SFR31          

        CLASS   CONFIG         

        CLASS   IDLOC          

        CLASS   EEDATA         

        CLASS   BANK31         

        CLASS   BANK30         

        CLASS   BANK29         

        CLASS   BANK28         

        CLASS   BANK27         

        CLASS   BANK26         

        CLASS   BANK25         

        CLASS   BANK24         

        CLASS   BANK23         

        CLASS   BANK22         

        CLASS   BANK21         

        CLASS   BANK20         

        CLASS   BANK19         

        CLASS   BANK18         

        CLASS   BANK17         

        CLASS   BANK16         

        CLASS   BANK15         

        CLASS   BANK14         

        CLASS   BANK13         

        CLASS   BANK12         

        CLASS   BANK11         

        CLASS   BANK10         

        CLASS   BANK9          

        CLASS   BANK8          

        CLASS   BANK7          



SEGMENTS        Name                           Load    Length   Top    Selector   Space  Class     Delta

                reset_vec                      000000  000004  000004         0       0  CODE        2
                cstackCOMMON                   000070  00000E  00007E        70       1  COMMON      1
                idataCOMMON                    000682  000001  000683       D04       0  CODE        2
                text10                         000683  000006  000689       D06       0  CODE        2
                text9                          000689  000006  00068F       D12       0  CODE        2
                text12                         00068F  00000B  00069A       D1E       0  CODE        2
                text11                         00069A  00000C  0006A6       D34       0  CODE        2
                text8                          0006A6  000010  0006B6       D4C       0  CODE        2
                text7                          0006B6  000011  0006C7       D6C       0  CODE        2
                text6                          0006C7  000014  0006DB       D8E       0  CODE        2
                text5                          0006DB  000014  0006EF       DB6       0  CODE        2
                text2                          0006EF  000015  000704       DDE       0  CODE        2
                text1                          000704  00001D  000721       E08       0  CODE        2
                maintext                       000721  000027  000748       E42       0  CODE        2
                text3                          000748  00002E  000776       E90       0  CODE        2
                text4                          000776  000082  0007F8       EEC       0  CODE        2
                cinit                          0007F8  000008  000800       FF0       0  CODE        2
                stringtext1                    000800  000018  000818      1000       0  STRCODE     2


UNUSED ADDRESS RANGES

        Name                Unused          Largest block    Delta
        BANK0            0020-006F             50           1
        BANK1            00A0-00EF             50           1
        BANK2            0120-016F             50           1
        BANK3            01A0-01EF             50           1
        BANK4            0220-026F             50           1
        BANK5            02A0-02EF             50           1
        BANK6            0320-032F             10           1
        BIGRAM           2000-21EF            1F0           1
        CODE             0004-0681            67E           2
                         0818-0FFF            7E8
        CONFIG           8007-800B              5           2
        CONST            0004-0681            100           2
                         0818-0FFF            100
        EEDATA           F000-F0FF            100           2
        ENTRY            0004-0681            100           2
                         0818-0FFF            100
        IDLOC            8000-8003              4           2
        RAM              0020-006F             50           1
                         00A0-00EF             50
                         0120-016F             50
                         01A0-01EF             50
                         0220-026F             50
                         02A0-02EF             50
                         0320-032F             10
        SFR0             0000-001F             20           1
        SFR1             0080-009F             20           1
        SFR10            0500-056F             70           1
        SFR11            0580-05EF             70           1
        SFR12            0600-066F             70           1
        SFR13            0680-06EF             70           1
        SFR14            0700-076F             70           1
        SFR15            0780-07EF             70           1
        SFR16            0800-086F             70           1
        SFR17            0880-08EF             70           1
        SFR18            0900-096F             70           1
        SFR19            0980-09EF             70           1
        SFR2             0100-011F             20           1
        SFR20            0A00-0A6F             70           1
        SFR21            0A80-0AEF             70           1
        SFR22            0B00-0B6F             70           1
        SFR23            0B80-0BEF             70           1
        SFR24            0C00-0C6F             70           1
        SFR25            0C80-0CEF             70           1
        SFR26            0D00-0D6F             70           1
        SFR27            0D80-0DEF             70           1
        SFR28            0E00-0E6F             70           1
        SFR29            0E80-0EEF             70           1
        SFR3             0180-019F             20           1
        SFR30            0F00-0F6F             70           1
        SFR31            0F80-0FEF             70           1
        SFR4             0200-021F             20           1
        SFR5             0280-029F             20           1
        SFR6             0300-031F             20           1
        SFR7             0380-03EF             70           1
        SFR8             0400-046F             70           1
        SFR9             0480-04EF             70           1
        STACK            2000-21EF            1F0           1
        STRCODE          0004-0681            67E           2
                         0818-0FFF            7E8
        STRING           0004-0681            100           2
                         0818-0FFF            100

                                  Symbol Table

I2C_Master_Write@data       cstackCOMMON 0070
IO_Expander_Write@Data      cstackCOMMON 0071
LCD_CMD@CMD                 cstackCOMMON 0075
LCD_Init@I2C_Add            cstackCOMMON 0078
LCD_Set_Cursor@COL          cstackCOMMON 0076
LCD_Set_Cursor@ROW          cstackCOMMON 0079
LCD_Write_4Bit@Nibble       cstackCOMMON 0073
LCD_Write_Char@Data         cstackCOMMON 0075
LCD_Write_String@Str        cstackCOMMON 0076
LCD_Write_String@i          cstackCOMMON 0079
_BackLight_State            dataCOMMON   007D
_I2C_Master_Init            text12       068F
_I2C_Master_Start           text10       0683
_I2C_Master_Stop            text9        0689
_I2C_Master_Wait            text11       069A
_I2C_Master_Write           text8        06A6
_IO_Expander_Write          text7        06B6
_LCD_CMD                    text5        06DB
_LCD_Init                   text4        0776
_LCD_Set_Cursor             text3        0748
_LCD_Write_4Bit             text6        06C7
_LCD_Write_Char             text2        06EF
_LCD_Write_String           text1        0704
_PORTAbits                  (abs)        000C
_RS                         bssCOMMON    007C
_SSP1ADD                    (abs)        018D
_SSP1BUF                    (abs)        018C
_SSP1CON1                   (abs)        0190
_SSP1CON2                   (abs)        0191
_SSP1CON2bits               (abs)        0191
_SSP1IF                     (abs)        3878
_SSP1STAT                   (abs)        018F
_SSP2BUF                    (abs)        0196
_SSP2IF                     (abs)        387A
_TRISAbits                  (abs)        0011
_TRISC3                     (abs)        009B
_TRISC4                     (abs)        009C
__Habs1                     abs1         0000
__Hbank0                    bank0        0000
__Hbank1                    bank1        0000
__Hbank10                   bank10       0000
__Hbank11                   bank11       0000
__Hbank12                   bank12       0000
__Hbank13                   bank13       0000
__Hbank14                   bank14       0000
__Hbank15                   bank15       0000
__Hbank16                   bank16       0000
__Hbank17                   bank17       0000
__Hbank18                   bank18       0000
__Hbank19                   bank19       0000
__Hbank2                    bank2        0000
__Hbank20                   bank20       0000
__Hbank21                   bank21       0000
__Hbank22                   bank22       0000
__Hbank23                   bank23       0000
__Hbank24                   bank24       0000
__Hbank25                   bank25       0000
__Hbank26                   bank26       0000
__Hbank27                   bank27       0000
__Hbank28                   bank28       0000
__Hbank29                   bank29       0000
__Hbank3                    bank3        0000
__Hbank30                   bank30       0000
__Hbank31                   bank31       0000
__Hbank4                    bank4        0000
__Hbank5                    bank5        0000
__Hbank6                    bank6        0000
__Hbank7                    bank7        0000
__Hbank8                    bank8        0000
__Hbank9                    bank9        0000
__Hbigram                   bigram       0000
__HbssCOMMON                bssCOMMON    0000
__Hcinit                    cinit        0800
__Hclrtext                  clrtext      0000
__Hcode                     code         0000
__Hcommon                   common       0000
__HcstackCOMMON             cstackCOMMON 0000
__HdataCOMMON               dataCOMMON   0000
__Heeprom_data              eeprom_data  0000
__Hend_init                 end_init     0004
__Hfunctab                  functab      0000
__HidataCOMMON              idataCOMMON  0000
__Hinit                     init         0002
__Hintentry                 intentry     0002
__Hmaintext                 maintext     0000
__HnvCOMMON                 nvCOMMON     0000
__Hpowerup                  powerup      0000
__Hram                      ram          0000
__Hreset_vec                reset_vec    0002
__Hsfr0                     sfr0         0000
__Hsfr1                     sfr1         0000
__Hsfr10                    sfr10        0000
__Hsfr11                    sfr11        0000
__Hsfr12                    sfr12        0000
__Hsfr13                    sfr13        0000
__Hsfr14                    sfr14        0000
__Hsfr15                    sfr15        0000
__Hsfr16                    sfr16        0000
__Hsfr17                    sfr17        0000
__Hsfr18                    sfr18        0000
__Hsfr19                    sfr19        0000
__Hsfr2                     sfr2         0000
__Hsfr20                    sfr20        0000
__Hsfr21                    sfr21        0000
__Hsfr22                    sfr22        0000
__Hsfr23                    sfr23        0000
__Hsfr24                    sfr24        0000
__Hsfr25                    sfr25        0000
__Hsfr26                    sfr26        0000
__Hsfr27                    sfr27        0000
__Hsfr28                    sfr28        0000
__Hsfr29                    sfr29        0000
__Hsfr3                     sfr3         0000
__Hsfr30                    sfr30        0000
__Hsfr31                    sfr31        0000
__Hsfr4                     sfr4         0000
__Hsfr5                     sfr5         0000
__Hsfr6                     sfr6         0000
__Hsfr7                     sfr7         0000
__Hsfr8                     sfr8         0000
__Hsfr9                     sfr9         0000
__Hspace_0                  (abs)        0818
__Hspace_1                  (abs)        007E
__Hspace_2                  (abs)        0000
__Hspace_3                  (abs)        0000
__Hstack                    stack        0000
__Hstrings                  strings      0000
__Hstringtext1              stringtext1  0000
__Hstringtext2              stringtext2  0000
__Hstringtext3              stringtext3  0000
__Htext                     text         0000
__Labs1                     abs1         0000
__Lbank0                    bank0        0000
__Lbank1                    bank1        0000
__Lbank10                   bank10       0000
__Lbank11                   bank11       0000
__Lbank12                   bank12       0000
__Lbank13                   bank13       0000
__Lbank14                   bank14       0000
__Lbank15                   bank15       0000
__Lbank16                   bank16       0000
__Lbank17                   bank17       0000
__Lbank18                   bank18       0000
__Lbank19                   bank19       0000
__Lbank2                    bank2        0000
__Lbank20                   bank20       0000
__Lbank21                   bank21       0000
__Lbank22                   bank22       0000
__Lbank23                   bank23       0000
__Lbank24                   bank24       0000
__Lbank25                   bank25       0000
__Lbank26                   bank26       0000
__Lbank27                   bank27       0000
__Lbank28                   bank28       0000
__Lbank29                   bank29       0000
__Lbank3                    bank3        0000
__Lbank30                   bank30       0000
__Lbank31                   bank31       0000
__Lbank4                    bank4        0000
__Lbank5                    bank5        0000
__Lbank6                    bank6        0000
__Lbank7                    bank7        0000
__Lbank8                    bank8        0000
__Lbank9                    bank9        0000
__Lbigram                   bigram       0000
__LbssCOMMON                bssCOMMON    0000
__Lcinit                    cinit        07F8
__Lclrtext                  clrtext      0000
__Lcode                     code         0000
__Lcommon                   common       0000
__LcstackCOMMON             cstackCOMMON 0000
__LdataCOMMON               dataCOMMON   0000
__Leeprom_data              eeprom_data  0000
__Lend_init                 end_init     0002
__Lfunctab                  functab      0000
__LidataCOMMON              idataCOMMON  0000
__Linit                     init         0002
__Lintentry                 intentry     0002
__Lmaintext                 maintext     0000
__LnvCOMMON                 nvCOMMON     0000
__Lpowerup                  powerup      0000
__Lram                      ram          0000
__Lreset_vec                reset_vec    0000
__Lsfr0                     sfr0         0000
__Lsfr1                     sfr1         0000
__Lsfr10                    sfr10        0000
__Lsfr11                    sfr11        0000
__Lsfr12                    sfr12        0000
__Lsfr13                    sfr13        0000
__Lsfr14                    sfr14        0000
__Lsfr15                    sfr15        0000
__Lsfr16                    sfr16        0000
__Lsfr17                    sfr17        0000
__Lsfr18                    sfr18        0000
__Lsfr19                    sfr19        0000
__Lsfr2                     sfr2         0000
__Lsfr20                    sfr20        0000
__Lsfr21                    sfr21        0000
__Lsfr22                    sfr22        0000
__Lsfr23                    sfr23        0000
__Lsfr24                    sfr24        0000
__Lsfr25                    sfr25        0000
__Lsfr26                    sfr26        0000
__Lsfr27                    sfr27        0000
__Lsfr28                    sfr28        0000
__Lsfr29                    sfr29        0000
__Lsfr3                     sfr3         0000
__Lsfr30                    sfr30        0000
__Lsfr31                    sfr31        0000
__Lsfr4                     sfr4         0000
__Lsfr5                     sfr5         0000
__Lsfr6                     sfr6         0000
__Lsfr7                     sfr7         0000
__Lsfr8                     sfr8         0000
__Lsfr9                     sfr9         0000
__Lspace_0                  (abs)        0000
__Lspace_1                  (abs)        0000
__Lspace_2                  (abs)        0000
__Lspace_3                  (abs)        0000
__Lstack                    stack        0000
__Lstrings                  strings      0000
__Lstringtext1              stringtext1  0000
__Lstringtext2              stringtext2  0000
__Lstringtext3              stringtext3  0000
__Ltext                     text         0000
__S0                        (abs)        0818
__S1                        (abs)        007E
__S2                        (abs)        0000
__S3                        (abs)        0000
___int_sp                   stack        0000
___latbits                  (abs)        0001
___sp                       stack        0000
___stackhi                  (abs)        21EF
___stacklo                  (abs)        2000
__end_of_I2C_Master_Init    text12       069A
__end_of_I2C_Master_Start   text10       0689
__end_of_I2C_Master_Stop    text9        068F
__end_of_I2C_Master_Wait    text11       06A6
__end_of_I2C_Master_Write   text8        06B6
__end_of_IO_Expander_Write  text7        06C7
__end_of_LCD_CMD            text5        06EF
__end_of_LCD_Init           text4        07F8
__end_of_LCD_Set_Cursor     text3        0776
__end_of_LCD_Write_4Bit     text6        06DB
__end_of_LCD_Write_Char     text2        0704
__end_of_LCD_Write_String   text1        0721
__end_of__initialization    cinit        07FD
__end_of_main               maintext     0748
__initialization            cinit        07F8
__pbssCOMMON                bssCOMMON    007C
__pcstackCOMMON             cstackCOMMON 0070
__pdataCOMMON               dataCOMMON   007D
__pidataCOMMON              idataCOMMON  0682
__pmaintext                 maintext     0721
__pnvCOMMON                 nvCOMMON     007B
__pstringtext1              stringtext1  0800
__pstringtext2              stringtext2  080E
__pstringtext3              stringtext3  0000
__ptext1                    text1        0704
__ptext10                   text10       0683
__ptext11                   text11       069A
__ptext12                   text12       068F
__ptext2                    text2        06EF
__ptext3                    text3        0748
__ptext4                    text4        0776
__ptext5                    text5        06DB
__ptext6                    text6        06C7
__ptext7                    text7        06B6
__ptext8                    text8        06A6
__ptext9                    text9        0689
__size_of_I2C_Master_Init   (abs)        0000
__size_of_I2C_Master_Start  (abs)        0000
__size_of_I2C_Master_Stop   (abs)        0000
__size_of_I2C_Master_Wait   (abs)        0000
__size_of_I2C_Master_Write  (abs)        0000
__size_of_IO_Expander_Write (abs)        0000
__size_of_LCD_CMD           (abs)        0000
__size_of_LCD_Init          (abs)        0000
__size_of_LCD_Set_Cursor    (abs)        0000
__size_of_LCD_Write_4Bit    (abs)        0000
__size_of_LCD_Write_Char    (abs)        0000
__size_of_LCD_Write_String  (abs)        0000
__size_of_main              (abs)        0000
_i2c_add                    nvCOMMON     007B
_main                       maintext     0721
btemp                       (abs)        007E
end_of_initialization       cinit        07FD
intlevel0                   functab      0000
intlevel1                   functab      0000
intlevel2                   functab      0000
intlevel3                   functab      0000
intlevel4                   functab      0000
intlevel5                   functab      0000
reset_vec                   reset_vec    0000
start                       init         0002
start_initialization        cinit        07F8
wtemp0                      (abs)        007E


FUNCTION INFORMATION:

 *************** function _main *****************
 Defined at:
		line 4 in file "main.c"
 Parameters:    Size  Location     Type
		None
 Auto vars:     Size  Location     Type
		None
 Return value:  Size  Location     Type
                  1    wreg      void 
 Registers used:
		wreg, fsr0l, fsr0h, status,2, status,0, pclath, cstack
 Tracked objects:
		On entry : 
		On exit  : 
		Unchanged: 
 Data sizes:     COMMON   BANK0   BANK1   BANK2   BANK3   BANK4   BANK5   BANK6
      Params:         0       0       0       0       0       0       0       0
      Locals:         0       0       0       0       0       0       0       0
      Temps:          0       0       0       0       0       0       0       0
      Totals:         0       0       0       0       0       0       0       0
Total ram usage:        0 bytes
 Hardware stack levels required when called:    6
 This function calls:
		_I2C_Master_Init
		_LCD_Init
		_LCD_Set_Cursor
		_LCD_Write_String
 This function is called by:
		Startup code after reset
 This function uses a non-reentrant model


 *************** function _LCD_Write_String *****************
 Defined at:
		line 134 in file "I2C_LCD.c"
 Parameters:    Size  Location     Type
  Str             2    6[COMMON] PTR unsigned char 
		 -> STR_2(10), STR_1(14), 
 Auto vars:     Size  Location     Type
  i               2    9[COMMON] int 
 Return value:  Size  Location     Type
                  1    wreg      void 
 Registers used:
		wreg, fsr0l, fsr0h, status,2, status,0, pclath, cstack
 Tracked objects:
		On entry : 
		On exit  : 
		Unchanged: 
 Data sizes:     COMMON   BANK0   BANK1   BANK2   BANK3   BANK4   BANK5   BANK6
      Params:         2       0       0       0       0       0       0       0
      Locals:         2       0       0       0       0       0       0       0
      Temps:          1       0       0       0       0       0       0       0
      Totals:         5       0       0       0       0       0       0       0
Total ram usage:        5 bytes
 Hardware stack levels used:    1
 Hardware stack levels required when called:    5
 This function calls:
		_LCD_Write_Char
 This function is called by:
		_main
 This function uses a non-reentrant model


 *************** function _LCD_Write_Char *****************
 Defined at:
		line 129 in file "I2C_LCD.c"
 Parameters:    Size  Location     Type
  Data            1    wreg     unsigned char 
 Auto vars:     Size  Location     Type
  Data            1    5[COMMON] unsigned char 
 Return value:  Size  Location     Type
                  1    wreg      void 
 Registers used:
		wreg, status,2, status,0, pclath, cstack
 Tracked objects:
		On entry : 
		On exit  : 
		Unchanged: 
 Data sizes:     COMMON   BANK0   BANK1   BANK2   BANK3   BANK4   BANK5   BANK6
      Params:         0       0       0       0       0       0       0       0
      Locals:         1       0       0       0       0       0       0       0
      Temps:          1       0       0       0       0       0       0       0
      Totals:         2       0       0       0       0       0       0       0
Total ram usage:        2 bytes
 Hardware stack levels used:    1
 Hardware stack levels required when called:    4
 This function calls:
		_LCD_Write_4Bit
 This function is called by:
		_LCD_Write_String
 This function uses a non-reentrant model


 *************** function _LCD_Set_Cursor *****************
 Defined at:
		line 138 in file "I2C_LCD.c"
 Parameters:    Size  Location     Type
  ROW             1    wreg     unsigned char 
  COL             1    6[COMMON] unsigned char 
 Auto vars:     Size  Location     Type
  ROW             1    9[COMMON] unsigned char 
 Return value:  Size  Location     Type
                  1    wreg      void 
 Registers used:
		wreg, fsr0l, fsr0h, status,2, status,0, pclath, cstack
 Tracked objects:
		On entry : 
		On exit  : 
		Unchanged: 
 Data sizes:     COMMON   BANK0   BANK1   BANK2   BANK3   BANK4   BANK5   BANK6
      Params:         1       0       0       0       0       0       0       0
      Locals:         1       0       0       0       0       0       0       0
      Temps:          2       0       0       0       0       0       0       0
      Totals:         4       0       0       0       0       0       0       0
Total ram usage:        4 bytes
 Hardware stack levels used:    1
 Hardware stack levels required when called:    5
 This function calls:
		_LCD_CMD
 This function is called by:
		_main
 This function uses a non-reentrant model


 *************** function _LCD_Init *****************
 Defined at:
		line 89 in file "I2C_LCD.c"
 Parameters:    Size  Location     Type
  I2C_Add         1    wreg     unsigned char 
 Auto vars:     Size  Location     Type
  I2C_Add         1    8[COMMON] unsigned char 
 Return value:  Size  Location     Type
                  1    wreg      void 
 Registers used:
		wreg, status,2, status,0, pclath, cstack
 Tracked objects:
		On entry : 
		On exit  : 
		Unchanged: 
 Data sizes:     COMMON   BANK0   BANK1   BANK2   BANK3   BANK4   BANK5   BANK6
      Params:         0       0       0       0       0       0       0       0
      Locals:         1       0       0       0       0       0       0       0
      Temps:          2       0       0       0       0       0       0       0
      Totals:         3       0       0       0       0       0       0       0
Total ram usage:        3 bytes
 Hardware stack levels used:    1
 Hardware stack levels required when called:    5
 This function calls:
		_IO_Expander_Write
		_LCD_CMD
 This function is called by:
		_main
 This function uses a non-reentrant model


 *************** function _LCD_CMD *****************
 Defined at:
		line 124 in file "I2C_LCD.c"
 Parameters:    Size  Location     Type
  CMD             1    wreg     unsigned char 
 Auto vars:     Size  Location     Type
  CMD             1    5[COMMON] unsigned char 
 Return value:  Size  Location     Type
                  1    wreg      void 
 Registers used:
		wreg, status,2, status,0, pclath, cstack
 Tracked objects:
		On entry : 
		On exit  : 
		Unchanged: 
 Data sizes:     COMMON   BANK0   BANK1   BANK2   BANK3   BANK4   BANK5   BANK6
      Params:         0       0       0       0       0       0       0       0
      Locals:         1       0       0       0       0       0       0       0
      Temps:          1       0       0       0       0       0       0       0
      Totals:         2       0       0       0       0       0       0       0
Total ram usage:        2 bytes
 Hardware stack levels used:    1
 Hardware stack levels required when called:    4
 This function calls:
		_LCD_Write_4Bit
 This function is called by:
		_LCD_Init
		_LCD_Set_Cursor
		_LCD_SL
		_LCD_SR
		_LCD_Clear
 This function uses a non-reentrant model


 *************** function _LCD_Write_4Bit *****************
 Defined at:
		line 117 in file "I2C_LCD.c"
 Parameters:    Size  Location     Type
  Nibble          1    wreg     unsigned char 
 Auto vars:     Size  Location     Type
  Nibble          1    3[COMMON] unsigned char 
 Return value:  Size  Location     Type
                  1    wreg      void 
 Registers used:
		wreg, status,2, status,0, pclath, cstack
 Tracked objects:
		On entry : 
		On exit  : 
		Unchanged: 
 Data sizes:     COMMON   BANK0   BANK1   BANK2   BANK3   BANK4   BANK5   BANK6
      Params:         0       0       0       0       0       0       0       0
      Locals:         1       0       0       0       0       0       0       0
      Temps:          1       0       0       0       0       0       0       0
      Totals:         2       0       0       0       0       0       0       0
Total ram usage:        2 bytes
 Hardware stack levels used:    1
 Hardware stack levels required when called:    3
 This function calls:
		_IO_Expander_Write
 This function is called by:
		_LCD_CMD
		_LCD_Write_Char
 This function uses a non-reentrant model


 *************** function _IO_Expander_Write *****************
 Defined at:
		line 110 in file "I2C_LCD.c"
 Parameters:    Size  Location     Type
  Data            1    wreg     unsigned char 
 Auto vars:     Size  Location     Type
  Data            1    1[COMMON] unsigned char 
 Return value:  Size  Location     Type
                  1    wreg      void 
 Registers used:
		wreg, status,2, status,0, pclath, cstack
 Tracked objects:
		On entry : 
		On exit  : 
		Unchanged: 
 Data sizes:     COMMON   BANK0   BANK1   BANK2   BANK3   BANK4   BANK5   BANK6
      Params:         0       0       0       0       0       0       0       0
      Locals:         1       0       0       0       0       0       0       0
      Temps:          0       0       0       0       0       0       0       0
      Totals:         1       0       0       0       0       0       0       0
Total ram usage:        1 bytes
 Hardware stack levels used:    1
 Hardware stack levels required when called:    2
 This function calls:
		_I2C_Master_Start
		_I2C_Master_Stop
		_I2C_Master_Write
 This function is called by:
		_LCD_Init
		_LCD_Write_4Bit
		_Backlight
		_noBacklight
 This function uses a non-reentrant model


 *************** function _I2C_Master_Write *****************
 Defined at:
		line 71 in file "I2C_LCD.c"
 Parameters:    Size  Location     Type
  data            1    wreg     unsigned char 
 Auto vars:     Size  Location     Type
  data            1    0[COMMON] unsigned char 
 Return value:  Size  Location     Type
                  1    wreg      unsigned char 
 Registers used:
		wreg, status,2, status,0, pclath, cstack
 Tracked objects:
		On entry : 
		On exit  : 
		Unchanged: 
 Data sizes:     COMMON   BANK0   BANK1   BANK2   BANK3   BANK4   BANK5   BANK6
      Params:         0       0       0       0       0       0       0       0
      Locals:         1       0       0       0       0       0       0       0
      Temps:          0       0       0       0       0       0       0       0
      Totals:         1       0       0       0       0       0       0       0
Total ram usage:        1 bytes
 Hardware stack levels used:    1
 Hardware stack levels required when called:    1
 This function calls:
		_I2C_Master_Wait
 This function is called by:
		_IO_Expander_Write
 This function uses a non-reentrant model


 *************** function _I2C_Master_Stop *****************
 Defined at:
		line 57 in file "I2C_LCD.c"
 Parameters:    Size  Location     Type
		None
 Auto vars:     Size  Location     Type
		None
 Return value:  Size  Location     Type
                  1    wreg      void 
 Registers used:
		wreg, status,2, status,0, pclath, cstack
 Tracked objects:
		On entry : 
		On exit  : 
		Unchanged: 
 Data sizes:     COMMON   BANK0   BANK1   BANK2   BANK3   BANK4   BANK5   BANK6
      Params:         0       0       0       0       0       0       0       0
      Locals:         0       0       0       0       0       0       0       0
      Temps:          0       0       0       0       0       0       0       0
      Totals:         0       0       0       0       0       0       0       0
Total ram usage:        0 bytes
 Hardware stack levels used:    1
 Hardware stack levels required when called:    1
 This function calls:
		_I2C_Master_Wait
 This function is called by:
		_IO_Expander_Write
 This function uses a non-reentrant model


 *************** function _I2C_Master_Start *****************
 Defined at:
		line 49 in file "I2C_LCD.c"
 Parameters:    Size  Location     Type
		None
 Auto vars:     Size  Location     Type
		None
 Return value:  Size  Location     Type
                  1    wreg      void 
 Registers used:
		wreg, status,2, status,0, pclath, cstack
 Tracked objects:
		On entry : 
		On exit  : 
		Unchanged: 
 Data sizes:     COMMON   BANK0   BANK1   BANK2   BANK3   BANK4   BANK5   BANK6
      Params:         0       0       0       0       0       0       0       0
      Locals:         0       0       0       0       0       0       0       0
      Temps:          0       0       0       0       0       0       0       0
      Totals:         0       0       0       0       0       0       0       0
Total ram usage:        0 bytes
 Hardware stack levels used:    1
 Hardware stack levels required when called:    1
 This function calls:
		_I2C_Master_Wait
 This function is called by:
		_IO_Expander_Write
 This function uses a non-reentrant model


 *************** function _I2C_Master_Wait *****************
 Defined at:
		line 36 in file "I2C_LCD.c"
 Parameters:    Size  Location     Type
		None
 Auto vars:     Size  Location     Type
		None
 Return value:  Size  Location     Type
                  1    wreg      void 
 Registers used:
		wreg, status,2
 Tracked objects:
		On entry : 
		On exit  : 
		Unchanged: 
 Data sizes:     COMMON   BANK0   BANK1   BANK2   BANK3   BANK4   BANK5   BANK6
      Params:         0       0       0       0       0       0       0       0
      Locals:         0       0       0       0       0       0       0       0
      Temps:          0       0       0       0       0       0       0       0
      Totals:         0       0       0       0       0       0       0       0
Total ram usage:        0 bytes
 Hardware stack levels used:    1
 This function calls:
		Nothing
 This function is called by:
		_I2C_Master_Start
		_I2C_Master_Stop
		_I2C_Master_Write
		_I2C_Master_RepeatedStart
		_I2C_ACK
		_I2C_NACK
		_I2C_Read_Byte
 This function uses a non-reentrant model


 *************** function _I2C_Master_Init *****************
 Defined at:
		line 6 in file "I2C_LCD.c"
 Parameters:    Size  Location     Type
		None
 Auto vars:     Size  Location     Type
		None
 Return value:  Size  Location     Type
                  1    wreg      void 
 Registers used:
		wreg, status,2
 Tracked objects:
		On entry : 
		On exit  : 
		Unchanged: 
 Data sizes:     COMMON   BANK0   BANK1   BANK2   BANK3   BANK4   BANK5   BANK6
      Params:         0       0       0       0       0       0       0       0
      Locals:         0       0       0       0       0       0       0       0
      Temps:          0       0       0       0       0       0       0       0
      Totals:         0       0       0       0       0       0       0       0
Total ram usage:        0 bytes
 Hardware stack levels used:    1
 This function calls:
		Nothing
 This function is called by:
		_main
 This function uses a non-reentrant model



MODULE INFORMATION

Module		Function		Class		Link	Load	Size
shared
		__initialization		CODE           	07F8	0000	6

shared estimated size: 6

I2C_LCD.c
		_LCD_Init      		CODE           	0776	0000	131
		_LCD_Write_4Bit		CODE           	06C7	0000	21
		_LCD_Write_Char		CODE           	06EF	0000	22
		_LCD_CMD       		CODE           	06DB	0000	21
		_I2C_Master_Wait		CODE           	069A	0000	13
		_I2C_Master_Init		CODE           	068F	0000	12
		_I2C_Master_Stop		CODE           	0689	0000	7
		_LCD_Set_Cursor		CODE           	0748	0000	47
		_IO_Expander_Write		CODE           	06B6	0000	18
		_I2C_Master_Write		CODE           	06A6	0000	17
		_I2C_Master_Start		CODE           	0683	0000	7
		_LCD_Write_String		CODE           	0704	0000	30

I2C_LCD.c estimated size: 346

main.c
		_main          		CODE           	0721	0000	40

main.c estimated size: 40

